Archive member included because of file (symbol)

./build/core.a(exception_vectors.o)
                              (call_user_start)
./build/core.a(esp_interrupts.o)
                              ./build/core.a(exception_vectors.o) (_xt_isr_handler)
./build/core.a(app_main.o)    ./build/core.a(exception_vectors.o) (sdk_user_fatal_exception_handler)
../../../esp2866/esp-open-rtos/libc/xtensa-lx106-elf/lib/libc.a(lib_a-impure.o)
                              ./build/core.a(app_main.o) (_impure_ptr)
../../../esp2866/esp-open-rtos/libc/xtensa-lx106-elf/lib/libc.a(lib_a-malloc.o)
                              ./build/core.a(app_main.o) (malloc)
../../../esp2866/esp-open-rtos/libc/xtensa-lx106-elf/lib/libc.a(lib_a-memcpy.o)
                              ./build/core.a(app_main.o) (memcpy)
../../../esp2866/esp-open-rtos/libc/xtensa-lx106-elf/lib/libc.a(lib_a-memset.o)
                              ./build/core.a(app_main.o) (memset)
../../../esp2866/esp-open-rtos/libc/xtensa-lx106-elf/lib/libc.a(lib_a-nano-freer.o)
                              ../../../esp2866/esp-open-rtos/libc/xtensa-lx106-elf/lib/libc.a(lib_a-malloc.o) (_free_r)
../../../esp2866/esp-open-rtos/libc/xtensa-lx106-elf/lib/libc.a(lib_a-nano-mallocr.o)
                              ../../../esp2866/esp-open-rtos/libc/xtensa-lx106-elf/lib/libc.a(lib_a-nano-freer.o) (__malloc_free_list)
../../../esp2866/esp-open-rtos/libc/xtensa-lx106-elf/lib/libc.a(lib_a-printf.o)
                              ./build/core.a(exception_vectors.o) (printf)
../../../esp2866/esp-open-rtos/libc/xtensa-lx106-elf/lib/libc.a(lib_a-putchar.o)
                              ./build/core.a(app_main.o) (putchar)
../../../esp2866/esp-open-rtos/libc/xtensa-lx106-elf/lib/libc.a(lib_a-puts.o)
                              ./build/core.a(app_main.o) (puts)
../../../esp2866/esp-open-rtos/libc/xtensa-lx106-elf/lib/libc.a(lib_a-setbuf.o)
                              ./build/core.a(app_main.o) (setbuf)
../../../esp2866/esp-open-rtos/libc/xtensa-lx106-elf/lib/libc.a(lib_a-setvbuf.o)
                              ../../../esp2866/esp-open-rtos/libc/xtensa-lx106-elf/lib/libc.a(lib_a-setbuf.o) (setvbuf)
../../../esp2866/esp-open-rtos/libc/xtensa-lx106-elf/lib/libc.a(lib_a-strlen.o)
                              ../../../esp2866/esp-open-rtos/libc/xtensa-lx106-elf/lib/libc.a(lib_a-puts.o) (strlen)
../../../esp2866/esp-open-rtos/libc/xtensa-lx106-elf/lib/libc.a(lock.o)
                              ../../../esp2866/esp-open-rtos/libc/xtensa-lx106-elf/lib/libc.a(lib_a-puts.o) (_lock_acquire_recursive)
../../../esp2866/esp-open-rtos/libc/xtensa-lx106-elf/lib/libc.a(lib_a-fflush.o)
                              ../../../esp2866/esp-open-rtos/libc/xtensa-lx106-elf/lib/libc.a(lib_a-setvbuf.o) (_fflush_r)
../../../esp2866/esp-open-rtos/libc/xtensa-lx106-elf/lib/libc.a(lib_a-findfp.o)
                              ../../../esp2866/esp-open-rtos/libc/xtensa-lx106-elf/lib/libc.a(lib_a-setvbuf.o) (_cleanup_r)
../../../esp2866/esp-open-rtos/libc/xtensa-lx106-elf/lib/libc.a(lib_a-fvwrite.o)
                              ../../../esp2866/esp-open-rtos/libc/xtensa-lx106-elf/lib/libc.a(lib_a-puts.o) (__sfvwrite_r)
../../../esp2866/esp-open-rtos/libc/xtensa-lx106-elf/lib/libc.a(lib_a-fwalk.o)
                              ../../../esp2866/esp-open-rtos/libc/xtensa-lx106-elf/lib/libc.a(lib_a-findfp.o) (_fwalk)
../../../esp2866/esp-open-rtos/libc/xtensa-lx106-elf/lib/libc.a(lib_a-memchr.o)
                              ../../../esp2866/esp-open-rtos/libc/xtensa-lx106-elf/lib/libc.a(lib_a-fvwrite.o) (memchr)
../../../esp2866/esp-open-rtos/libc/xtensa-lx106-elf/lib/libc.a(lib_a-memmove.o)
                              ../../../esp2866/esp-open-rtos/libc/xtensa-lx106-elf/lib/libc.a(lib_a-fvwrite.o) (memmove)
../../../esp2866/esp-open-rtos/libc/xtensa-lx106-elf/lib/libc.a(lib_a-nano-reallocr.o)
                              ../../../esp2866/esp-open-rtos/libc/xtensa-lx106-elf/lib/libc.a(lib_a-fvwrite.o) (_realloc_r)
../../../esp2866/esp-open-rtos/libc/xtensa-lx106-elf/lib/libc.a(lib_a-nano-vfprintf.o)
                              ../../../esp2866/esp-open-rtos/libc/xtensa-lx106-elf/lib/libc.a(lib_a-printf.o) (_vfprintf_r)
../../../esp2866/esp-open-rtos/libc/xtensa-lx106-elf/lib/libc.a(lib_a-nano-vfprintf_i.o)
                              ../../../esp2866/esp-open-rtos/libc/xtensa-lx106-elf/lib/libc.a(lib_a-nano-vfprintf.o) (_printf_i)
../../../esp2866/esp-open-rtos/libc/xtensa-lx106-elf/lib/libc.a(lib_a-putc.o)
                              ../../../esp2866/esp-open-rtos/libc/xtensa-lx106-elf/lib/libc.a(lib_a-putchar.o) (_putc_r)
../../../esp2866/esp-open-rtos/libc/xtensa-lx106-elf/lib/libc.a(lib_a-stdio.o)
                              ../../../esp2866/esp-open-rtos/libc/xtensa-lx106-elf/lib/libc.a(lib_a-findfp.o) (__sread)
../../../esp2866/esp-open-rtos/libc/xtensa-lx106-elf/lib/libc.a(lib_a-wbuf.o)
[...]
Memory Configuration

Name             Origin             Length             Attributes
dport0_0_seg     0x000000003ff00000 0x0000000000000010
dram0_0_seg      0x000000003ffe8000 0x0000000000014000
iram1_0_seg      0x0000000040100000 0x0000000000008000
irom0_0_seg      0x0000000040220000 0x00000000000e0000
*default*        0x0000000000000000 0xffffffffffffffff

Linker script and memory map

START GROUP
LOAD ./build/program.a
LOAD ./build/freertos.a
LOAD ./build/lwip.a
LOAD ./build/core.a
LOAD ./build/mbedtls.a
LOAD ../../../esp2866/esp-open-rtos/libc/xtensa-lx106-elf/lib/libc.a
LOAD /home/paolo/esp2866/esp-open-sdk/xtensa-lx106-elf/lib/gcc/xtensa-lx106-elf/4.8.2/libgcc.a
LOAD /home/paolo/esp2866/esp-open-sdk/xtensa-lx106-elf/xtensa-lx106-elf/sysroot/usr/lib/libhal.a
LOAD ./build/sdklib/libmain.a
LOAD ./build/sdklib/libnet80211.a
LOAD ./build/sdklib/libphy.a
LOAD ./build/sdklib/libpp.a
LOAD ./build/sdklib/libwpa.a
END GROUP
                0x00000000401065a0                pvPortMalloc = malloc
                0x00000000401065bc                vPortFree = free
                0x0000000040101354                _lock_acquire = vPortEnterCritical
                0x0000000040101354                _lock_acquire_recursive = vPortEnterCritical
                0x0000000040101354                _lock_try_acquire = vPortEnterCritical
                0x0000000040101354                _lock_try_acquire_recursive = vPortEnterCritical
                0x000000004010137c                _lock_release = vPortExitCritical
                0x000000004010137c                _lock_release_recursive = vPortExitCritical
                0x00000000401069ec                ets_printf = printf
                0x0000000040000000                PROVIDE (_memmap_vecbase_reset, 0x40000000)
                0x0000000000000110                _memmap_cacheattr_wb_base = 0x110
                0x0000000000000110                _memmap_cacheattr_wt_base = 0x110
                0x0000000000000220                _memmap_cacheattr_bp_base = 0x220
                0x00000000fffff00f                _memmap_cacheattr_unused_mask = 0xfffff00f
                0x000000002222211f                _memmap_cacheattr_wb_trapnull = 0x2222211f
                0x000000002222211f                _memmap_cacheattr_wba_trapnull = 0x2222211f
                0x000000002222211f                _memmap_cacheattr_wbna_trapnull = 0x2222211f
                0x000000002222211f                _memmap_cacheattr_wt_trapnull = 0x2222211f
                0x000000002222222f                _memmap_cacheattr_bp_trapnull = 0x2222222f
                0x00000000fffff11f                _memmap_cacheattr_wb_strict = 0xfffff11f
                0x00000000fffff11f                _memmap_cacheattr_wt_strict = 0xfffff11f
                0x00000000fffff22f                _memmap_cacheattr_bp_strict = 0xfffff22f
                0x0000000022222112                _memmap_cacheattr_wb_allvalid = 0x22222112
                0x0000000022222112                _memmap_cacheattr_wt_allvalid = 0x22222112
                0x0000000022222222                _memmap_cacheattr_bp_allvalid = 0x22222222
                0x000000002222211f                PROVIDE (_memmap_cacheattr_reset, _memmap_cacheattr_wb_trapnull)

.dport0.rodata  0x000000003ff00000        0x0
                0x000000003ff00000                _dport0_rodata_start = ABSOLUTE (.)
 *(.dport0.rodata)
 *(.dport.rodata)
                0x000000003ff00000                _dport0_rodata_end = ABSOLUTE (.)

.dport0.literal
                0x000000003ff00000        0x0
                0x000000003ff00000                _dport0_literal_start = ABSOLUTE (.)
 *(.dport0.literal)
 *(.dport.literal)
                0x000000003ff00000                _dport0_literal_end = ABSOLUTE (.)

.dport0.data    0x000000003ff00000        0x0
                0x000000003ff00000                _dport0_data_start = ABSOLUTE (.)
 *(.dport0.data)
 *(.dport.data)
                0x000000003ff00000                _dport0_data_end = ABSOLUTE (.)

.text           0x0000000040100000     0x7799
                0x0000000040100000                _stext = .
                0x0000000040100000                _text_start = ABSOLUTE (.)
                0x0000000040100000                . = ALIGN (0x10)
 *(.vecbase.text)
 .vecbase.text  0x0000000040100000      0x375 ./build/core.a(exception_vectors.o)
                0x0000000040100000                VecBase
                0x000000004010020c                call_user_start
                0x0000000040100361                _xt_user_exit
 *(.entry.text)
 *(.init.literal)
 *(.init)
 *(.iram1.*)
 *fill*         0x0000000040100375        0x3 
 .iram1.text    0x0000000040100378       0x8d ./build/core.a(esp_interrupts.o)
                                         0x91 (size before relaxing)
                0x000000004010037c                _xt_isr_attach
                0x000000004010038c                _xt_isr_handler
 *fill*         0x0000000040100405        0x3 
 .iram1.text    0x0000000040100408      0x7b8 ./build/core.a(app_main.o)
                                        0x8c0 (size before relaxing)
                0x000000004010045c                sdk_user_fatal_exception_handler
                0x0000000040100570                vApplicationStackOverflowHook
                0x000000004010059c                vApplicationIdleHook
                0x00000000401005c0                vApplicationTickHook
                0x00000000401006dc                sdk_user_start
 .iram1.text    0x0000000040100bc0      0x26b ./build/freertos.a(queue.o)
                                        0x313 (size before relaxing)
                0x0000000040100d0c                xQueueGenericSend
                0x0000000040100e24                uxQueueMessagesWaitingFromISR
 *fill*         0x0000000040100e2b        0x1 
 .iram1.text    0x0000000040100e2c      0x4d5 ./build/freertos.a(tasks.o)
                                        0x5c8 (size before relaxing)
                0x0000000040100ea8                vTaskSuspendAll
                0x0000000040100ecc                xTaskIncrementTick
                0x0000000040101064                xTaskResumeAll
                0x0000000040101154                vTaskPlaceOnEventList
                0x00000000401011a4                xTaskRemoveFromEventList
                0x0000000040101214                vTaskSetTimeOutState
                0x000000004010122c                xTaskCheckForTimeOut
                0x00000000401012a4                vTaskMissedYield
                0x00000000401012b0                vTaskPriorityDisinherit
 *fill*         0x0000000040101301        0x3 
 .iram1.text    0x0000000040101304       0xda ./build/freertos.a(port.o)
                                        0x106 (size before relaxing)
                0x000000004010130c                SV_ISR
                0x0000000040101354                vPortEnterCritical
                0x000000004010137c                vPortExitCritical
                0x00000000401013a8                PendSV
 *fill*         0x00000000401013de        0x2 
 .iram1.text    0x00000000401013e0       0x1b ./build/core.a(sdk_compat.o)
                0x00000000401013e4                zalloc
 *fill*         0x00000000401013fb        0x1 
 .iram1.text    0x00000000401013fc       0x19 ./build/core.a(newlib_syscalls.o)
                0x0000000040101404                _sbrk_r
 *fill*         0x0000000040101415        0x3 
 .iram1.text    0x0000000040101418       0x26 ./build/core.a(esp_iomux.o)
                0x000000004010141c                gpio_to_iomux
                0x0000000040101430                iomux_to_gpio
 *fill*         0x000000004010143e        0x0 
 *fill*         0x000000004010143e        0x0 
 *fill*         0x000000004010143e        0x2 
 .iram1.text    0x0000000040101440       0x65 ./build/freertos.a(list.o)
                0x0000000040101440                vListInsertEnd
                0x0000000040101458                vListInsert
                0x0000000040101484                uxListRemove
 *fill*         0x00000000401014a5        0x0 
 *fill*         0x00000000401014a5        0x0 
 *fill*         0x00000000401014a5        0x0 
 *fill*         0x00000000401014a5        0x0 
 *fill*         0x00000000401014a5        0x3 
 .iram1.rodata  0x00000000401014a8       0x80 ./build/core.a(esp_iomux.o)
 *sdklib*:*(.literal .text .literal.* .text.*)
 .text          0x0000000040101528       0x94 ./build/sdklib/libmain.a(ets_timer.o)
                                         0xa0 (size before relaxing)
 .text          0x00000000401015bc        0xb ./build/sdklib/libmain.a(misc.o)
                0x00000000401015c0                sdk_os_get_cpu_frequency
 *fill*         0x00000000401015c7        0x1 
 .text          0x00000000401015c8      0x3ac ./build/sdklib/libmain.a(spi_flash.o)
                                        0x47c (size before relaxing)
                0x00000000401015e8                sdk_SPIReadModeCnfig
                0x000000004010166c                sdk_SPIWrite
                0x0000000040101740                sdk_SPIRead
                0x0000000040101770                sdk_SPIEraseSector
                0x00000000401017bc                sdk_spi_flash_get_id
                0x0000000040101828                sdk_spi_flash_read_status
                0x0000000040101868                sdk_spi_flash_write_status
                0x00000000401018a4                sdk_spi_flash_erase_sector
                0x00000000401018d8                sdk_spi_flash_write
                0x0000000040101930                sdk_spi_flash_read
 .text          0x0000000040101974      0x180 ./build/sdklib/libmain.a(user_interface.o)
                                        0x19c (size before relaxing)
                0x0000000040101980                sdk_system_restart_in_nmi
                0x0000000040101a4c                sdk_system_rtc_mem_write
                0x0000000040101aa0                sdk_system_rtc_mem_read
 .text          0x0000000040101af4      0x13f ./build/sdklib/libmain.a(os_cpu_a.o)
                                        0x177 (size before relaxing)
                0x0000000040101af4                vPortYield
                0x0000000040101b30                sdk__xt_int_enter
                0x0000000040101b48                sdk__xt_int_exit
                0x0000000040101b70                sdk__xt_timer_int
                0x0000000040101ba4                sdk__xt_timer_int1
                0x0000000040101bc0                sdk__xt_tick_timer_init
                0x0000000040101be4                sdk__xt_isr_unmask
                0x0000000040101bfc                sdk__xt_isr_mask
                0x0000000040101c14                sdk__xt_read_ints
                0x0000000040101c24                sdk__xt_clear_ints
 *fill*         0x0000000040101c33        0x1 
 .text          0x0000000040101c34        0xb ./build/sdklib/libnet80211.a(wl_chm.o)
                0x0000000040101c38                sdk_chm_get_current_channel
 *fill*         0x0000000040101c3f        0x1 
 .text          0x0000000040101c40       0x4f ./build/sdklib/libphy.a(phy.o)
                                         0x53 (size before relaxing)
                0x0000000040101c48                sdk_register_phy_ops
                0x0000000040101c68                sdk_phy_change_channel
                0x0000000040101c84                sdk_phy_get_mactime
 *fill*         0x0000000040101c8f        0x1 
 .text          0x0000000040101c90       0xf7 ./build/sdklib/libphy.a(phy_sleep.o)
                                        0x103 (size before relaxing)
                0x0000000040101ca4                sdk_pm_rtc_clock_cali
                0x0000000040101d5c                sdk_clockgate_watchdog
 *fill*         0x0000000040101d87        0x1 
 .text          0x0000000040101d88       0x94 ./build/sdklib/libpp.a(esf_buf.o)
                                         0xb4 (size before relaxing)
                0x0000000040101d8c                sdk_esf_rx_buf_alloc
 .text          0x0000000040101e1c     0x14e4 ./build/sdklib/libpp.a(lmac.o)
                                       0x187c (size before relaxing)
                0x0000000040101e20                sdk_lmacIsActive
                0x0000000040101e34                sdk_lmacIsIdle
                0x0000000040102280                sdk_lmacSetAcParam
                0x000000004010231c                sdk_lmacProcessTXStartData
                0x00000000401024c4                sdk_lmacProcessTxSuccess
                0x000000004010260c                sdk_GetAccess
                0x0000000040102618                sdk_lmacDiscardAgedMSDU
                0x000000004010262c                sdk_lmacRecycleMPDU
                0x0000000040102b0c                sdk_lmacProcessCollisions
                0x0000000040102b68                sdk_lmacProcessCollision
                0x0000000040102bec                sdk_lmacMSDUAged
                0x0000000040102f70                sdk_lmacProcessCtsTimeout
                0x0000000040102fb8                sdk_lmacProcessAckTimeout
                0x000000004010300c                sdk_lmacProcessRtsStart
                0x0000000040103018                sdk_lmacProcessTxRtsError
                0x00000000401030b0                sdk_lmacProcessTxError
                0x0000000040103134                sdk_lmacTxFrame
                0x00000000401032e8                sdk_lmacRxDone
 .text          0x0000000040103300      0xe60 ./build/sdklib/libpp.a(pp.o)
                                       0x103c (size before relaxing)
                0x0000000040103330                sdk_pp_soft_wdt_feed
                0x0000000040103448                sdk_ppProcessTxQ
                0x0000000040103538                sdk_ppFetchTxQFirstAvail
                0x0000000040103578                sdk_ppDequeueTxQ
                0x00000000401035a0                sdk_ppRollBackTxQ
                0x00000000401035c4                sdk_ppRecordBarRRC
                0x00000000401035d4                sdk_ppTxqUpdateBitmap
                0x00000000401035f8                sdk_ppEnqueueTxDone
                0x000000004010362c                sdk_ppEnqueueRxq
                0x0000000040103df4                sdk_ppDiscardMPDU
                0x0000000040103e24                sdk_MacIsrSigPostDefHdl
                0x0000000040103f10                sdk_pp_post
                0x000000004010400c                sdk_ppCalTxop
                0x00000000401040f0                sdk_ppCalFrameTimes
 .text          0x0000000040104160       0xf5 ./build/sdklib/libpp.a(rate_control.o)
                                        0x109 (size before relaxing)
                0x0000000040104180                sdk_RC_GetAckRate
                0x000000004010418c                sdk_RC_GetRtsRate
                0x000000004010419c                sdk_RC_GetAckTime
                0x00000000401041b0                sdk_RC_GetCtsTime
                0x00000000401041e8                sdk_RC_GetBlockAckTime
 *fill*         0x0000000040104255        0x3 
 .text          0x0000000040104258      0x7f9 ./build/sdklib/libpp.a(trc.o)
                                        0x81d (size before relaxing)
                0x00000000401043d0                sdk_rcUpdateTxDone
                0x0000000040104464                sdk_rcUpdateRxDone
                0x00000000401044c0                sdk_rcUpdateDataRxDone
                0x00000000401044d8                sdk_rcGetSched
                0x0000000040104580                sdk_rcGetRate
                0x0000000040104984                sdk_rcReachRetryLimit
                0x000000004010499c                sdk_trc_NeedRTS
 *fill*         0x0000000040104a51        0x3 
 .text          0x0000000040104a54     0x114f ./build/sdklib/libpp.a(wdev.o)
                                       0x1473 (size before relaxing)
                0x0000000040104da8                sdk_wDev_MacTimSetFunc
                0x0000000040104dc8                sdk_wDev_MacTimArm
                0x0000000040104e6c                sdk_wDev_MacTim1Arm
                0x0000000040104f48                sdk_wDev_ProcessFiq
                0x00000000401052ec                sdk_wDev_EnableTransmit
                0x0000000040105330                sdk_wDev_DisableTransmit
                0x0000000040105350                sdk_Tx_Copy2Queue
                0x0000000040105398                sdk_wDev_ProcessCollision
                0x00000000401053bc                sdk_wDev_GetTxqCollisions
                0x00000000401053cc                sdk_wDev_ClearTxqCollisions
                0x00000000401053e8                sdk_wDev_SetWaitingQueue
                0x0000000040105434                sdk_wDev_ClearWaitingQueue
                0x0000000040105454                sdk_wDev_SetFrameAckType
                0x00000000401054b8                sdk_wDev_AppendRxBlocks
                0x0000000040105660                sdk_wDev_AppendRxAmpduLensBlocks
                0x0000000040105798                sdk_wDev_GetBAInfo
 *fill*         0x0000000040105ba3        0x0 
 *fill*         0x0000000040105ba3        0x1 
 .text          0x0000000040105ba4       0x3d ./build/sdklib/libmain.a(xtensa_context.o)
                0x0000000040105ba4                sdk__xt_context_save
                0x0000000040105bc0                sdk__xt_context_restore
 *fill*         0x0000000040105be1        0x3 
 .text          0x0000000040105be4       0x25 ./build/sdklib/libnet80211.a(ieee80211_hostap.o)
 *fill*         0x0000000040105c09        0x0 
 *fill*         0x0000000040105c09        0x0 
 *fill*         0x0000000040105c09        0x3 
 .text          0x0000000040105c0c        0x2 ./build/sdklib/libphy.a(phy_chip_v6.o)
                0x0000000040105c0c                sdk_ram_tx_mac_disable
 *fill*         0x0000000040105c0e        0x0 
 *fill*         0x0000000040105c0e        0x0 
 *fill*         0x0000000040105c0e        0x0 
 *fill*         0x0000000040105c0e        0x0 
 *fill*         0x0000000040105c0e        0x2 
 .text          0x0000000040105c10       0x11 ./build/sdklib/libwpa.a(wpa_auth.o)
 *libgcc.a:*i3.o(.literal .text .literal.* .text.*)
 *fill*         0x0000000040105c21        0x3 
 .literal       0x0000000040105c24        0x0 /home/paolo/esp2866/esp-open-sdk/xtensa-lx106-elf/lib/gcc/xtensa-lx106-elf/4.8.2/libgcc.a(_muldi3.o)
                                          0x4 (size before relaxing)
 .literal       0x0000000040105c24        0x0 /home/paolo/esp2866/esp-open-sdk/xtensa-lx106-elf/lib/gcc/xtensa-lx106-elf/4.8.2/libgcc.a(_divdi3.o)
                                         0x48 (size before relaxing)
 .literal       0x0000000040105c24        0x0 /home/paolo/esp2866/esp-open-sdk/xtensa-lx106-elf/lib/gcc/xtensa-lx106-elf/4.8.2/libgcc.a(_umoddi3.o)
                                         0x40 (size before relaxing)
 .literal       0x0000000040105c24        0x0 ../../../esp2866/esp-open-rtos/libc/xtensa-lx106-elf/lib/libc.a(lib_a-malloc.o)
                                         0x10 (size before relaxing)
 .literal       0x0000000040105c24        0x8 ../../../esp2866/esp-open-rtos/libc/xtensa-lx106-elf/lib/libc.a(lib_a-nano-mallocr.o)
                                         0x14 (size before relaxing)
 .literal       0x0000000040105c2c        0x0 ../../../esp2866/esp-open-rtos/libc/xtensa-lx106-elf/lib/libc.a(lib_a-nano-freer.o)
                                          0x4 (size before relaxing)
 .literal       0x0000000040105c2c        0x8 ../../../esp2866/esp-open-rtos/libc/xtensa-lx106-elf/lib/libc.a(lib_a-rand.o)
                                         0x18 (size before relaxing)
 .literal       0x0000000040105c34        0x0 ../../../esp2866/esp-open-rtos/libc/xtensa-lx106-elf/lib/libc.a(lib_a-printf.o)
                                          0xc (size before relaxing)
 .literal       0x0000000040105c34       0x24 ../../../esp2866/esp-open-rtos/libc/xtensa-lx106-elf/lib/libc.a(lib_a-nano-vfprintf.o)
                                         0x4c (size before relaxing)
 .literal       0x0000000040105c58        0x0 ../../../esp2866/esp-open-rtos/libc/xtensa-lx106-elf/lib/libc.a(lib_a-sprintf.o)
                                         0x14 (size before relaxing)
 .literal       0x0000000040105c58        0x0 ../../../esp2866/esp-open-rtos/libc/xtensa-lx106-elf/lib/libc.a(lib_a-fprintf.o)
                                          0xc (size before relaxing)
 .literal       0x0000000040105c58       0x14 ../../../esp2866/esp-open-rtos/libc/xtensa-lx106-elf/lib/libc.a(lib_a-nano-svfprintf.o)
                                         0x4c (size before relaxing)
 .literal       0x0000000040105c6c       0x34 ../../../esp2866/esp-open-rtos/libc/xtensa-lx106-elf/lib/libc.a(lib_a-findfp.o)
                                         0x7c (size before relaxing)
 .literal       0x0000000040105ca0        0x8 ../../../esp2866/esp-open-rtos/libc/xtensa-lx106-elf/lib/libc.a(lib_a-fputwc.o)
                                         0x20 (size before relaxing)
 .text          0x0000000040105ca8       0x36 /home/paolo/esp2866/esp-open-sdk/xtensa-lx106-elf/lib/gcc/xtensa-lx106-elf/4.8.2/libgcc.a(_muldi3.o)
                0x0000000040105ca8                __muldi3
 *fill*         0x0000000040105cde        0x2 
 .text          0x0000000040105ce0      0x3eb /home/paolo/esp2866/esp-open-sdk/xtensa-lx106-elf/lib/gcc/xtensa-lx106-elf/4.8.2/libgcc.a(_divdi3.o)
                                        0x41b (size before relaxing)
                0x0000000040105ce0                __divdi3
 *fill*         0x00000000401060cb        0x1 
 .text          0x00000000401060cc      0x33a /home/paolo/esp2866/esp-open-sdk/xtensa-lx106-elf/lib/gcc/xtensa-lx106-elf/4.8.2/libgcc.a(_umoddi3.o)
                                        0x366 (size before relaxing)
                0x00000000401060cc                __umoddi3
 *fill*         0x0000000040106406        0x2 
 .text          0x0000000040106408       0x64 /home/paolo/esp2866/esp-open-sdk/xtensa-lx106-elf/lib/gcc/xtensa-lx106-elf/4.8.2/libgcc.a(_divsi3.o)
                0x0000000040106408                __divsi3
 .text          0x000000004010646c       0x4c /home/paolo/esp2866/esp-open-sdk/xtensa-lx106-elf/lib/gcc/xtensa-lx106-elf/4.8.2/libgcc.a(_udivsi3.o)
                0x000000004010646c                __udivsi3
 .text          0x00000000401064b8       0x39 /home/paolo/esp2866/esp-open-sdk/xtensa-lx106-elf/lib/gcc/xtensa-lx106-elf/4.8.2/libgcc.a(_umodsi3.o)
                0x00000000401064b8                __umodsi3
 *fill*         0x00000000401064f1        0x3 
 .text          0x00000000401064f4       0x49 /home/paolo/esp2866/esp-open-sdk/xtensa-lx106-elf/lib/gcc/xtensa-lx106-elf/4.8.2/libgcc.a(_modsi3.o)
                0x00000000401064f4                __modsi3
 *fill*         0x000000004010653d        0x3 
 .text          0x0000000040106540       0x18 /home/paolo/esp2866/esp-open-sdk/xtensa-lx106-elf/lib/gcc/xtensa-lx106-elf/4.8.2/libgcc.a(_ashrdi3.o)
                0x0000000040106540                __ashrdi3
 *fill*         0x0000000040106558        0x0 
 *fill*         0x0000000040106558        0x0 
 *fill*         0x0000000040106558        0x0 
 .text          0x0000000040106558       0x48 /home/paolo/esp2866/esp-open-sdk/xtensa-lx106-elf/lib/gcc/xtensa-lx106-elf/4.8.2/libgcc.a(_umulsidi3.o)
                0x0000000040106558                __umulsidi3
 *libc.a:*malloc.o(.literal .text .literal.* .text.*)
 .text          0x00000000401065a0       0x35 ../../../esp2866/esp-open-rtos/libc/xtensa-lx106-elf/lib/libc.a(lib_a-malloc.o)
                0x00000000401065a0                malloc
                0x00000000401065bc                free
 *libc.a:*mallocr.o(.literal .text .literal.* .text.*)
 *fill*         0x00000000401065d5        0x3 
 .text          0x00000000401065d8       0xd1 ../../../esp2866/esp-open-rtos/libc/xtensa-lx106-elf/lib/libc.a(lib_a-nano-mallocr.o)
                                         0xd5 (size before relaxing)
                0x00000000401065d8                _malloc_r
 *fill*         0x00000000401066a9        0x0 
 *libc.a:*freer.o(.literal .text .literal.* .text.*)
 *fill*         0x00000000401066a9        0x3 
 .text          0x00000000401066ac       0x87 ../../../esp2866/esp-open-rtos/libc/xtensa-lx106-elf/lib/libc.a(lib_a-nano-freer.o)
                0x00000000401066ac                _free_r
 *fill*         0x0000000040106733        0x0 
 *libc.a:*memcpy.o(.literal .text .literal.* .text.*)
 *fill*         0x0000000040106733        0x1 
 .text          0x0000000040106734      0x145 ../../../esp2866/esp-open-rtos/libc/xtensa-lx106-elf/lib/libc.a(lib_a-memcpy.o)
                0x0000000040106778                memcpy
 *libc.a:*memset.o(.literal .text .literal.* .text.*)
 *fill*         0x0000000040106879        0x3 
 .text          0x000000004010687c       0x7c ../../../esp2866/esp-open-rtos/libc/xtensa-lx106-elf/lib/libc.a(lib_a-memset.o)
                0x00000000401068a8                memset
 *libc.a:*memcmp.o(.literal .text .literal.* .text.*)
 .text          0x00000000401068f8       0x23 ../../../esp2866/esp-open-rtos/libc/xtensa-lx106-elf/lib/libc.a(lib_a-memcmp.o)
                0x00000000401068f8                memcmp
 *libc.a:*memmove.o(.literal .text .literal.* .text.*)
 *fill*         0x000000004010691b        0x1 
 .text          0x000000004010691c       0x3b ../../../esp2866/esp-open-rtos/libc/xtensa-lx106-elf/lib/libc.a(lib_a-memmove.o)
                0x000000004010691c                memmove
 *libc.a:*rand.o(.literal .text .literal.* .text.*)
 *fill*         0x0000000040106957        0x1 
 .text          0x0000000040106958       0x4b ../../../esp2866/esp-open-rtos/libc/xtensa-lx106-elf/lib/libc.a(lib_a-rand.o)
                                         0x4f (size before relaxing)
                0x0000000040106958                srand
                0x0000000040106968                rand
 *fill*         0x00000000401069a3        0x0 
 *libc.a:*bzero.o(.literal .text .literal.* .text.*)
 *fill*         0x00000000401069a3        0x1 
 .text          0x00000000401069a4       0x12 ../../../esp2866/esp-open-rtos/libc/xtensa-lx106-elf/lib/libc.a(lib_a-bzero.o)
                0x00000000401069a4                bzero
 *libc.a:*lock.o(.literal .text .literal.* .text.*)
 *fill*         0x00000000401069b6        0x2 
 .text          0x00000000401069b8        0x8 ../../../esp2866/esp-open-rtos/libc/xtensa-lx106-elf/lib/libc.a(lock.o)
                0x00000000401069b8                _lock_close_recursive
                0x00000000401069b8                __dummy_lock
                0x00000000401069b8                _lock_init_recursive
                0x00000000401069b8                _lock_close
                0x00000000401069b8                _lock_init
                0x00000000401069bc                __dummy_lock_try
 *libc.a:*printf.o(.literal .text .literal.* .text.*)
 .text          0x00000000401069c0       0x61 ../../../esp2866/esp-open-rtos/libc/xtensa-lx106-elf/lib/libc.a(lib_a-printf.o)
                                         0x65 (size before relaxing)
                0x00000000401069c0                _printf_r
                0x00000000401069c0                _iprintf_r
                0x00000000401069ec                printf
                0x00000000401069ec                iprintf
 *fill*         0x0000000040106a21        0x3 
 .text          0x0000000040106a24      0x3df ../../../esp2866/esp-open-rtos/libc/xtensa-lx106-elf/lib/libc.a(lib_a-nano-vfprintf.o)
                                        0x3e3 (size before relaxing)
                0x0000000040106a5c                __sfputs_r
                0x0000000040106acc                __sprint_r
                0x0000000040106b5c                _vfiprintf_r
                0x0000000040106b5c                _vfprintf_r
                0x0000000040106ddc                vfiprintf
                0x0000000040106ddc                vfprintf
 *fill*         0x0000000040106e03        0x1 
 .text          0x0000000040106e04       0xb5 ../../../esp2866/esp-open-rtos/libc/xtensa-lx106-elf/lib/libc.a(lib_a-sprintf.o)
                                         0xb9 (size before relaxing)
                0x0000000040106e04                _siprintf_r
                0x0000000040106e04                _sprintf_r
                0x0000000040106e5c                sprintf
                0x0000000040106e5c                siprintf
 *fill*         0x0000000040106eb9        0x3 
 .text          0x0000000040106ebc       0x57 ../../../esp2866/esp-open-rtos/libc/xtensa-lx106-elf/lib/libc.a(lib_a-fprintf.o)
                                         0x5b (size before relaxing)
                0x0000000040106ebc                _fprintf_r
                0x0000000040106ebc                _fiprintf_r
                0x0000000040106ee0                fprintf
                0x0000000040106ee0                fiprintf
 *fill*         0x0000000040106f13        0x1 
 .text          0x0000000040106f14      0x467 ../../../esp2866/esp-open-rtos/libc/xtensa-lx106-elf/lib/libc.a(lib_a-nano-svfprintf.o)
                                        0x46b (size before relaxing)
                0x0000000040106f14                __ssputs_r
                0x000000004010700c                __ssprint_r
                0x0000000040107140                _svfprintf_r
                0x0000000040107140                _svfiprintf_r
 *fill*         0x000000004010737b        0x0 
 *fill*         0x000000004010737b        0x0 
 *fill*         0x000000004010737b        0x0 
 *fill*         0x000000004010737b        0x0 
 *libc.a:*findfp.o(.literal .text .literal.* .text.*)
 *fill*         0x000000004010737b        0x1 
 .text          0x000000004010737c      0x29f ../../../esp2866/esp-open-rtos/libc/xtensa-lx106-elf/lib/libc.a(lib_a-findfp.o)
                                        0x2b3 (size before relaxing)
                0x000000004010737c                _cleanup_r
                0x0000000040107420                __sfmoreglue
                0x0000000040107464                _cleanup
                0x0000000040107478                __sfp_lock_acquire
                0x0000000040107490                __sfp_lock_release
                0x00000000401074a8                __sinit_lock_acquire
                0x00000000401074c0                __sinit_lock_release
                0x00000000401074d8                __sinit
                0x0000000040107530                __sfp
                0x00000000401075dc                __fp_lock_all
                0x00000000401075fc                __fp_unlock_all
 *fill*         0x000000004010761b        0x0 
 *libc.a:*fputwc.o(.literal .text .literal.* .text.*)
 *fill*         0x000000004010761b        0x1 
 .text          0x000000004010761c      0x176 ../../../esp2866/esp-open-rtos/libc/xtensa-lx106-elf/lib/libc.a(lib_a-fputwc.o)
                                        0x17e (size before relaxing)
                0x000000004010761c                __fputwc
                0x00000000401076ec                _fputwc_r
                0x000000004010775c                fputwc
 *fill*         0x0000000040107792        0x0 
 *libhal.a:*set_intset.o(.literal .text .literal.* .text.*)
 *fill*         0x0000000040107792        0x2 
 .text          0x0000000040107794        0x5 /home/paolo/esp2866/esp-open-sdk/xtensa-lx106-elf/xtensa-lx106-elf/sysroot/usr/lib/libhal.a(int_asm--set_intset.o)
                0x0000000040107794                xthal_set_intset
 *(.stub .gnu.warning .gnu.linkonce.literal.* .gnu.linkonce.t.*.literal .gnu.linkonce.t.*)
 *(.fini.literal)
 *(.fini)
 *(.gnu.version)
                0x0000000040107799                _text_end = ABSOLUTE (.)
                0x0000000040107799                _etext = .

.irom0.text     0x0000000040220000    0x2bd20
                0x0000000040220000                _irom0_text_start = ABSOLUTE (.)
 *(.literal .text .literal.* .text.*)
 .text.dump_flash_sector
                0x0000000040220000       0xb0 ./build/core.a(app_main.o)
                                         0xbc (size before relaxing)
 .text.sdk_user_init_task
                0x00000000402200b0       0xdb ./build/core.a(app_main.o)
                                        0x143 (size before relaxing)
                0x00000000402200d8                sdk_user_init_task
 *fill*         0x000000004022018b        0x1 
 .text.sdk_wdt_init
                0x000000004022018c       0x77 ./build/core.a(app_main.o)
                                         0x7b (size before relaxing)
                0x0000000040220194                sdk_wdt_init
 *fill*         0x0000000040220203        0x1 
 .literal       0x0000000040220204        0x4 ../../../esp2866/esp-open-rtos/libc/xtensa-lx106-elf/lib/libc.a(lib_a-putchar.o)
                                          0xc (size before relaxing)
 .literal       0x0000000040220208       0x14 ../../../esp2866/esp-open-rtos/libc/xtensa-lx106-elf/lib/libc.a(lib_a-puts.o)
                                         0x20 (size before relaxing)
 .literal       0x000000004022021c        0x0 ../../../esp2866/esp-open-rtos/libc/xtensa-lx106-elf/lib/libc.a(lib_a-setbuf.o)
                                          0x4 (size before relaxing)
 .literal       0x000000004022021c        0xc ../../../esp2866/esp-open-rtos/libc/xtensa-lx106-elf/lib/libc.a(lib_a-setvbuf.o)
                                         0x24 (size before relaxing)
 .literal       0x0000000040220228        0xc ../../../esp2866/esp-open-rtos/libc/xtensa-lx106-elf/lib/libc.a(lib_a-strlen.o)
 .literal       0x0000000040220234       0x14 ../../../esp2866/esp-open-rtos/libc/xtensa-lx106-elf/lib/libc.a(lib_a-fflush.o)
                                         0x2c (size before relaxing)
 .literal       0x0000000040220248       0x18 ../../../esp2866/esp-open-rtos/libc/xtensa-lx106-elf/lib/libc.a(lib_a-fvwrite.o)
                                         0x40 (size before relaxing)
 .literal       0x0000000040220260        0x0 ../../../esp2866/esp-open-rtos/libc/xtensa-lx106-elf/lib/libc.a(lib_a-nano-reallocr.o)
                                         0x18 (size before relaxing)
 .literal       0x0000000040220260       0x10 ../../../esp2866/esp-open-rtos/libc/xtensa-lx106-elf/lib/libc.a(lib_a-nano-vfprintf_i.o)
                                         0x14 (size before relaxing)
 .literal       0x0000000040220270        0x0 ../../../esp2866/esp-open-rtos/libc/xtensa-lx106-elf/lib/libc.a(lib_a-putc.o)
                                         0x14 (size before relaxing)
 .literal       0x0000000040220270        0x4 ../../../esp2866/esp-open-rtos/libc/xtensa-lx106-elf/lib/libc.a(lib_a-stdio.o)
                                         0x24 (size before relaxing)
 .literal       0x0000000040220274        0x0 ../../../esp2866/esp-open-rtos/libc/xtensa-lx106-elf/lib/libc.a(lib_a-wbuf.o)
                                         0x1c (size before relaxing)
 .literal       0x0000000040220274        0x0 ../../../esp2866/esp-open-rtos/libc/xtensa-lx106-elf/lib/libc.a(lib_a-wsetup.o)
                                         0x10 (size before relaxing)
 .literal       0x0000000040220274        0xc ../../../esp2866/esp-open-rtos/libc/xtensa-lx106-elf/lib/libc.a(lib_a-fclose.o)
                                         0x30 (size before relaxing)
 .literal       0x0000000040220280       0x1c ../../../esp2866/esp-open-rtos/libc/xtensa-lx106-elf/lib/libc.a(lib_a-locale.o)
                                         0x30 (size before relaxing)
 .literal       0x000000004022029c        0xc ../../../esp2866/esp-open-rtos/libc/xtensa-lx106-elf/lib/libc.a(lib_a-makebuf.o)
                                         0x20 (size before relaxing)
 .literal       0x00000000402202a8        0xc ../../../esp2866/esp-open-rtos/libc/xtensa-lx106-elf/lib/libc.a(lib_a-strcmp.o)
                                         0x20 (size before relaxing)
 .literal       0x00000000402202b4        0x4 ../../../esp2866/esp-open-rtos/libc/xtensa-lx106-elf/lib/libc.a(lib_a-wcrtomb.o)
                                         0x10 (size before relaxing)
 .literal       0x00000000402202b8        0x0 ../../../esp2866/esp-open-rtos/libc/xtensa-lx106-elf/lib/libc.a(lib_a-wctomb_r.o)
                                          0x8 (size before relaxing)
 .literal       0x00000000402202b8        0x0 ../../../esp2866/esp-open-rtos/libc/xtensa-lx106-elf/lib/libc.a(isatty.o)
                                          0x8 (size before relaxing)
 .literal       0x00000000402202b8        0x0 ../../../esp2866/esp-open-rtos/libc/xtensa-lx106-elf/lib/libc.a(lib_a-calloc.o)
                                          0x8 (size before relaxing)
 .literal       0x00000000402202b8        0x8 ../../../esp2866/esp-open-rtos/libc/xtensa-lx106-elf/lib/libc.a(lib_a-mstats.o)
                                         0x28 (size before relaxing)
 .literal       0x00000000402202c0        0x4 ../../../esp2866/esp-open-rtos/libc/xtensa-lx106-elf/lib/libc.a(lib_a-nano-callocr.o)
                                          0x8 (size before relaxing)
 .literal       0x00000000402202c4       0x10 ../../../esp2866/esp-open-rtos/libc/xtensa-lx106-elf/lib/libc.a(lib_a-nano-mallinfor.o)
                                         0x14 (size before relaxing)
 .literal       0x00000000402202d4        0xc ../../../esp2866/esp-open-rtos/libc/xtensa-lx106-elf/lib/libc.a(lib_a-nano-mallstatsr.o)
                                         0x24 (size before relaxing)
 .literal       0x00000000402202e0        0x0 ../../../esp2866/esp-open-rtos/libc/xtensa-lx106-elf/lib/libc.a(lib_a-strncpy.o)
                                          0xc (size before relaxing)
 .literal       0x00000000402202e0        0x0 ../../../esp2866/esp-open-rtos/libc/xtensa-lx106-elf/lib/libc.a(lib_a-strrchr.o)
                                          0x8 (size before relaxing)
 .literal       0x00000000402202e0        0x0 ../../../esp2866/esp-open-rtos/libc/xtensa-lx106-elf/lib/libc.a(lib_a-syssbrk.o)
                                          0x8 (size before relaxing)
 .literal       0x00000000402202e0        0x8 /home/paolo/esp2866/esp-open-sdk/xtensa-lx106-elf/lib/gcc/xtensa-lx106-elf/4.8.2/libgcc.a(_addsubsf3.o)
                                          0xc (size before relaxing)
 .literal       0x00000000402202e8        0x4 /home/paolo/esp2866/esp-open-sdk/xtensa-lx106-elf/lib/gcc/xtensa-lx106-elf/4.8.2/libgcc.a(_mulsf3.o)
                                         0x10 (size before relaxing)
 .literal       0x00000000402202ec        0x0 /home/paolo/esp2866/esp-open-sdk/xtensa-lx106-elf/lib/gcc/xtensa-lx106-elf/4.8.2/libgcc.a(_divsf3.o)
                                         0x10 (size before relaxing)
 .literal       0x00000000402202ec        0x0 /home/paolo/esp2866/esp-open-sdk/xtensa-lx106-elf/lib/gcc/xtensa-lx106-elf/4.8.2/libgcc.a(_fixsfsi.o)
                                          0x4 (size before relaxing)
 .literal       0x00000000402202ec        0x0 /home/paolo/esp2866/esp-open-sdk/xtensa-lx106-elf/lib/gcc/xtensa-lx106-elf/4.8.2/libgcc.a(_fixunssfsi.o)
                                          0x4 (size before relaxing)
 .literal       0x00000000402202ec        0x8 /home/paolo/esp2866/esp-open-sdk/xtensa-lx106-elf/lib/gcc/xtensa-lx106-elf/4.8.2/libgcc.a(_addsubdf3.o)
                                          0xc (size before relaxing)
 .literal       0x00000000402202f4        0x4 /home/paolo/esp2866/esp-open-sdk/xtensa-lx106-elf/lib/gcc/xtensa-lx106-elf/4.8.2/libgcc.a(_muldf3.o)
                                         0x10 (size before relaxing)
 .literal       0x00000000402202f8        0x0 /home/paolo/esp2866/esp-open-sdk/xtensa-lx106-elf/lib/gcc/xtensa-lx106-elf/4.8.2/libgcc.a(_divdf3.o)
                                         0x10 (size before relaxing)
 .literal       0x00000000402202f8        0x0 /home/paolo/esp2866/esp-open-sdk/xtensa-lx106-elf/lib/gcc/xtensa-lx106-elf/4.8.2/libgcc.a(_fixdfsi.o)
                                          0x4 (size before relaxing)
 .literal       0x00000000402202f8        0x4 /home/paolo/esp2866/esp-open-sdk/xtensa-lx106-elf/lib/gcc/xtensa-lx106-elf/4.8.2/libgcc.a(_truncdfsf2.o)
                                          0x8 (size before relaxing)
 .literal       0x00000000402202fc        0x0 /home/paolo/esp2866/esp-open-sdk/xtensa-lx106-elf/lib/gcc/xtensa-lx106-elf/4.8.2/libgcc.a(_extendsfdf2.o)
                                          0x8 (size before relaxing)
 .literal       0x00000000402202fc        0x4 /home/paolo/esp2866/esp-open-sdk/xtensa-lx106-elf/lib/gcc/xtensa-lx106-elf/4.8.2/libgcc.a(_popcountsi2.o)
 .text          0x0000000040220300       0x31 ../../../esp2866/esp-open-rtos/libc/xtensa-lx106-elf/lib/libc.a(lib_a-putchar.o)
                                         0x35 (size before relaxing)
                0x0000000040220300                _putchar_r
                0x0000000040220314                putchar
 *fill*         0x0000000040220331        0x3 
 .text          0x0000000040220334       0xaf ../../../esp2866/esp-open-rtos/libc/xtensa-lx106-elf/lib/libc.a(lib_a-puts.o)
                                         0xb3 (size before relaxing)
                0x0000000040220334                _puts_r
                0x00000000402203cc                puts
 *fill*         0x00000000402203e3        0x1 
 .text          0x00000000402203e4       0x1c ../../../esp2866/esp-open-rtos/libc/xtensa-lx106-elf/lib/libc.a(lib_a-setbuf.o)
                0x00000000402203e4                setbuf
 .text          0x0000000040220400      0x155 ../../../esp2866/esp-open-rtos/libc/xtensa-lx106-elf/lib/libc.a(lib_a-setvbuf.o)
                                        0x159 (size before relaxing)
                0x0000000040220400                setvbuf
 *fill*         0x0000000040220555        0x3 
 .text          0x0000000040220558       0x5b ../../../esp2866/esp-open-rtos/libc/xtensa-lx106-elf/lib/libc.a(lib_a-strlen.o)
                0x0000000040220558                strlen
 *fill*         0x00000000402205b3        0x1 
 .text          0x00000000402205b4      0x1eb ../../../esp2866/esp-open-rtos/libc/xtensa-lx106-elf/lib/libc.a(lib_a-fflush.o)
                                        0x1ef (size before relaxing)
                0x00000000402205b4                __sflush_r
                0x0000000040220714                _fflush_r
                0x0000000040220778                fflush
 *fill*         0x000000004022079f        0x1 
 .text          0x00000000402207a0      0x32c ../../../esp2866/esp-open-rtos/libc/xtensa-lx106-elf/lib/libc.a(lib_a-fvwrite.o)
                                        0x334 (size before relaxing)
                0x00000000402207a0                __sfvwrite_r
 .text          0x0000000040220acc       0x73 ../../../esp2866/esp-open-rtos/libc/xtensa-lx106-elf/lib/libc.a(lib_a-nano-reallocr.o)
                0x0000000040220acc                _realloc_r
 *fill*         0x0000000040220b3f        0x1 
 .text          0x0000000040220b40      0x4bb ../../../esp2866/esp-open-rtos/libc/xtensa-lx106-elf/lib/libc.a(lib_a-nano-vfprintf_i.o)
                                        0x4bf (size before relaxing)
                0x0000000040220b40                _printf_common
                0x0000000040220c48                _printf_i
 *fill*         0x0000000040220ffb        0x1 
 .text          0x0000000040220ffc       0xb7 ../../../esp2866/esp-open-rtos/libc/xtensa-lx106-elf/lib/libc.a(lib_a-putc.o)
                0x0000000040220ffc                _putc_r
                0x0000000040221098                putc
 *fill*         0x00000000402210b3        0x1 
 .text          0x00000000402210b4       0xe1 ../../../esp2866/esp-open-rtos/libc/xtensa-lx106-elf/lib/libc.a(lib_a-stdio.o)
                                         0xed (size before relaxing)
                0x00000000402210b4                __sread
                0x00000000402210ec                __seofread
                0x00000000402210f0                __swrite
                0x0000000040221144                __sseek
                0x0000000040221180                __sclose
 *fill*         0x0000000040221195        0x3 
 .text          0x0000000040221198       0xd7 ../../../esp2866/esp-open-rtos/libc/xtensa-lx106-elf/lib/libc.a(lib_a-wbuf.o)
                                         0xdf (size before relaxing)
                0x0000000040221198                __swbuf_r
                0x0000000040221254                __swbuf
 *fill*         0x000000004022126f        0x1 
 .text          0x0000000040221270       0xc9 ../../../esp2866/esp-open-rtos/libc/xtensa-lx106-elf/lib/libc.a(lib_a-wsetup.o)
                0x0000000040221270                __swsetup_r
 *fill*         0x0000000040221339        0x3 
 .text          0x000000004022133c       0xeb ../../../esp2866/esp-open-rtos/libc/xtensa-lx106-elf/lib/libc.a(lib_a-fclose.o)
                                         0xef (size before relaxing)
                0x000000004022133c                _fclose_r
                0x0000000040221410                fclose
 *fill*         0x0000000040221427        0x1 
 .text          0x0000000040221428       0x8d ../../../esp2866/esp-open-rtos/libc/xtensa-lx106-elf/lib/libc.a(lib_a-locale.o)
                                         0x95 (size before relaxing)
                0x0000000040221428                _setlocale_r
                0x0000000040221470                __locale_charset
                0x0000000040221478                __locale_mb_cur_max
                0x0000000040221480                __locale_msgcharset
                0x0000000040221488                __locale_cjk_lang
                0x000000004022148c                _localeconv_r
                0x0000000040221494                setlocale
                0x00000000402214b0                localeconv
 *fill*         0x00000000402214b5        0x3 
 .text          0x00000000402214b8      0x104 ../../../esp2866/esp-open-rtos/libc/xtensa-lx106-elf/lib/libc.a(lib_a-makebuf.o)
                                        0x108 (size before relaxing)
                0x00000000402214b8                __smakebuf_r
 .text          0x00000000402215bc       0xff ../../../esp2866/esp-open-rtos/libc/xtensa-lx106-elf/lib/libc.a(lib_a-strcmp.o)
                0x00000000402215bc                strcmp
 *fill*         0x00000000402216bb        0x1 
 .text          0x00000000402216bc       0x7d ../../../esp2866/esp-open-rtos/libc/xtensa-lx106-elf/lib/libc.a(lib_a-wcrtomb.o)
                0x00000000402216bc                _wcrtomb_r
                0x000000004022171c                wcrtomb
 *fill*         0x0000000040221739        0x3 
 .text          0x000000004022173c       0x5d ../../../esp2866/esp-open-rtos/libc/xtensa-lx106-elf/lib/libc.a(lib_a-wctomb_r.o)
                0x000000004022173c                __ascii_wctomb
                0x000000004022175c                _wctomb_r
 *fill*         0x0000000040221799        0x3 
 .text          0x000000004022179c       0x30 ../../../esp2866/esp-open-rtos/libc/xtensa-lx106-elf/lib/libc.a(isatty.o)
                0x000000004022179c                _isatty_r
 .text._Z8readDatav
                0x00000000402217cc       0xe1 ./build/program.a(main.o)
                                         0xe9 (size before relaxing)
                0x00000000402217f4                _Z8readDatav
 *fill*         0x00000000402218ad        0x3 
 .text._Z8spi_taskPv
                0x00000000402218b0       0xd5 ./build/program.a(main.o)
                                        0x103 (size before relaxing)
                0x00000000402218dc                _Z8spi_taskPv
 *fill*         0x0000000040221985        0x3 
 .text.user_init
                0x0000000040221988       0x88 ./build/program.a(main.o)
                                         0xb4 (size before relaxing)
                0x00000000402219a0                user_init
 .text.spi_init_gpio
                0x0000000040221a10      0x116 ./build/program.a(spi.o)
                0x0000000040221a34                spi_init_gpio
 *fill*         0x0000000040221b26        0x2 
 .text.spi_clock
                0x0000000040221b28       0x64 ./build/program.a(spi.o)
                0x0000000040221b30                spi_clock
 .text.spi_rx_byte_order
                0x0000000040221b8c       0x43 ./build/program.a(spi.o)
                                         0x47 (size before relaxing)
                0x0000000040221b8c                spi_rx_byte_order
 *fill*         0x0000000040221bcf        0x1 
 .text._ZL4sentPvP7tcp_pcbt
                0x0000000040221bd0       0x48 ./build/program.a(stream.o)
                                         0x58 (size before relaxing)
 .text._ZL13newConnectionPvP7tcp_pcba
                0x0000000040221c18       0x75 ./build/program.a(stream.o)
                                         0x95 (size before relaxing)
 *fill*         0x0000000040221c8d        0x3 
 .text._ZL4recvPvP7tcp_pcbP4pbufa
                0x0000000040221c90       0x41 ./build/program.a(stream.o)
                                         0x55 (size before relaxing)
 *fill*         0x0000000040221cd1        0x3 
 .text.initStream
                0x0000000040221cd4       0x8d ./build/program.a(stream.o)
                                         0xc1 (size before relaxing)
                0x0000000040221cec                initStream
 *fill*         0x0000000040221d61        0x3 
 .text.writeToStream
                0x0000000040221d64       0x98 ./build/program.a(stream.o)
                                         0xbc (size before relaxing)
                0x0000000040221d68                writeToStream
 .text.prvCopyDataFromQueue
                0x0000000040221dfc       0x2d ./build/freertos.a(queue.o)
                                         0x31 (size before relaxing)
 *fill*         0x0000000040221e29        0x3 
 .text.xQueueGenericReset
                0x0000000040221e2c       0x8e ./build/freertos.a(queue.o)
                                         0x9a (size before relaxing)
                0x0000000040221e3c                xQueueGenericReset
 *fill*         0x0000000040221eba        0x2 
 .text.xQueueGenericCreate
                0x0000000040221ebc       0x6b ./build/freertos.a(queue.o)
                                         0x77 (size before relaxing)
                0x0000000040221ec4                xQueueGenericCreate
 *fill*         0x0000000040221f27        0x1 
 .text.xQueueGenericSendFromISR
                0x0000000040221f28       0x73 ./build/freertos.a(queue.o)
                                         0x77 (size before relaxing)
                0x0000000040221f2c                xQueueGenericSendFromISR
 *fill*         0x0000000040221f9b        0x1 
 .text.xQueueGenericReceive
                0x0000000040221f9c      0x195 ./build/freertos.a(queue.o)
                                        0x1f5 (size before relaxing)
                0x0000000040221fb4                xQueueGenericReceive
 *fill*         0x0000000040222131        0x3 
 .text.vQueueWaitForMessageRestricted
                0x0000000040222134       0x61 ./build/freertos.a(queue.o)
                                         0x71 (size before relaxing)
                0x0000000040222134                vQueueWaitForMessageRestricted
 *fill*         0x0000000040222195        0x3 
 .text.xTaskGenericCreate
                0x0000000040222198      0x21d ./build/freertos.a(tasks.o)
                                        0x275 (size before relaxing)
                0x00000000402221d8                xTaskGenericCreate
 *fill*         0x00000000402223b5        0x3 
 .text.vTaskDelete
                0x00000000402223b8       0x90 ./build/freertos.a(tasks.o)
                                         0xb4 (size before relaxing)
                0x00000000402223c0                vTaskDelete
 .text.vTaskStartScheduler
                0x0000000040222448       0x7f ./build/freertos.a(tasks.o)
                                         0x97 (size before relaxing)
                0x0000000040222464                vTaskStartScheduler
 *fill*         0x00000000402224c7        0x1 
 .text.xTaskGetTickCount
                0x00000000402224c8       0x27 ./build/freertos.a(tasks.o)
                                         0x33 (size before relaxing)
                0x00000000402224c8                xTaskGetTickCount
 *fill*         0x00000000402224ef        0x1 
 .text.vTaskDelay
                0x00000000402224f0       0x5f ./build/freertos.a(tasks.o)
                                         0x73 (size before relaxing)
                0x00000000402224f8                vTaskDelay
 *fill*         0x000000004022254f        0x1 
 .text.prvIdleTask
                0x0000000040222550       0x90 ./build/freertos.a(tasks.o)
                                         0xc0 (size before relaxing)
 .text.vTaskSwitchContext
                0x00000000402225e0       0xd4 ./build/freertos.a(tasks.o)
                                         0xe8 (size before relaxing)
                0x00000000402225f0                vTaskSwitchContext
 .text.vTaskPlaceOnEventListRestricted
                0x00000000402226b4       0x44 ./build/freertos.a(tasks.o)
                                         0x58 (size before relaxing)
                0x00000000402226b4                vTaskPlaceOnEventListRestricted
 .text.uxTaskGetStackHighWaterMark
                0x00000000402226f8       0x30 ./build/freertos.a(tasks.o)
                                         0x34 (size before relaxing)
                0x00000000402226f8                uxTaskGetStackHighWaterMark
 .text.xTaskGetCurrentTaskHandle
                0x0000000040222728        0xa ./build/freertos.a(tasks.o)
                                          0xe (size before relaxing)
                0x0000000040222728                xTaskGetCurrentTaskHandle
 *fill*         0x0000000040222732        0x2 
 .text.xTaskGetSchedulerState
                0x0000000040222734       0x1e ./build/freertos.a(tasks.o)
                                         0x26 (size before relaxing)
                0x0000000040222734                xTaskGetSchedulerState
 *fill*         0x0000000040222752        0x2 
 .text.vTaskPriorityInherit
                0x0000000040222754       0x90 ./build/freertos.a(tasks.o)
                                         0xa4 (size before relaxing)
                0x0000000040222754                vTaskPriorityInherit
 .text.prvCheckForValidListAndQueue
                0x00000000402227e4       0x69 ./build/freertos.a(timers.o)
                                         0x89 (size before relaxing)
 *fill*         0x000000004022284d        0x3 
 .text.prvInsertTimerInActiveList
                0x0000000040222850       0x4d ./build/freertos.a(timers.o)
                                         0x59 (size before relaxing)
 *fill*         0x000000004022289d        0x3 
 .text.xTimerCreateTimerTask
                0x00000000402228a0       0x41 ./build/freertos.a(timers.o)
                                         0x51 (size before relaxing)
                0x00000000402228ac                xTimerCreateTimerTask
 *fill*         0x00000000402228e1        0x3 
 .text.xTimerCreate
                0x00000000402228e4       0x51 ./build/freertos.a(timers.o)
                                         0x61 (size before relaxing)
                0x00000000402228e4                xTimerCreate
 *fill*         0x0000000040222935        0x3 
 .text.xTimerGenericCommand
                0x0000000040222938       0x6b ./build/freertos.a(timers.o)
                                         0x7b (size before relaxing)
                0x000000004022293c                xTimerGenericCommand
 *fill*         0x00000000402229a3        0x1 
 .text.prvSwitchTimerLists$isra$1
                0x00000000402229a4       0x7a ./build/freertos.a(timers.o)
                                         0x8e (size before relaxing)
 *fill*         0x0000000040222a1e        0x2 
 .text.prvTimerTask
                0x0000000040222a20      0x15f ./build/freertos.a(timers.o)
                                        0x1d7 (size before relaxing)
 *fill*         0x0000000040222b7f        0x1 
 .text.pxPortInitialiseStack
                0x0000000040222b80       0x37 ./build/freertos.a(port.o)
                0x0000000040222b84                pxPortInitialiseStack
 *fill*         0x0000000040222bb7        0x1 
 .text.xPortSysTickHandle
                0x0000000040222bb8       0x1b ./build/freertos.a(port.o)
                                         0x23 (size before relaxing)
                0x0000000040222bbc                xPortSysTickHandle
 *fill*         0x0000000040222bd3        0x1 
 .text.xPortStartScheduler
                0x0000000040222bd4       0x85 ./build/freertos.a(port.o)
                                         0x99 (size before relaxing)
                0x0000000040222bf0                xPortStartScheduler
 *fill*         0x0000000040222c59        0x3 
 .text.xPortGetFreeHeapSize
                0x0000000040222c5c       0x28 ./build/freertos.a(port.o)
                                         0x38 (size before relaxing)
                0x0000000040222c5c                xPortGetFreeHeapSize
 .text.low_level_output
                0x0000000040222c84       0x38 ./build/lwip.a(esp_interface.o)
                                         0x40 (size before relaxing)
 .text.ethernetif_init
                0x0000000040222cbc       0x32 ./build/lwip.a(esp_interface.o)
                0x0000000040222cc4                ethernetif_init
 *fill*         0x0000000040222cee        0x2 
 .text.ethernetif_input
                0x0000000040222cf0       0x4f ./build/lwip.a(esp_interface.o)
                                         0x5a (size before relaxing)
                0x0000000040222cf4                ethernetif_input
 *fill*         0x0000000040222d3f        0x1 
 .text.tcpip_thread
                0x0000000040222d40       0xbf ./build/lwip.a(tcpip.o)
                                         0xe7 (size before relaxing)
 *fill*         0x0000000040222dff        0x1 
 .text.tcpip_input
                0x0000000040222e00       0x6c ./build/lwip.a(tcpip.o)
                                         0x80 (size before relaxing)
                0x0000000040222e04                tcpip_input
 .text.tcpip_init
                0x0000000040222e6c       0x47 ./build/lwip.a(tcpip.o)
                                         0x67 (size before relaxing)
                0x0000000040222e74                tcpip_init
 *fill*         0x0000000040222eb3        0x1 
 .text.dhcp_create_msg
                0x0000000040222eb4      0x1cc ./build/lwip.a(dhcp.o)
                                        0x1d4 (size before relaxing)
 .text.dhcp_rebind
                0x0000000040223080      0x11e ./build/lwip.a(dhcp.o)
                                        0x13e (size before relaxing)
 *fill*         0x000000004022319e        0x2 
 .text.dhcp_discover
                0x00000000402231a0      0x176 ./build/lwip.a(dhcp.o)
                                        0x19a (size before relaxing)
 *fill*         0x0000000040223316        0x2 
 .text.dhcp_check
                0x0000000040223318       0x3e ./build/lwip.a(dhcp.o)
                                         0x46 (size before relaxing)
 *fill*         0x0000000040223356        0x2 
 .text.dhcp_bind
                0x0000000040223358      0x139 ./build/lwip.a(dhcp.o)
                                        0x165 (size before relaxing)
 *fill*         0x0000000040223491        0x3 
 .text.dhcp_option_long$isra$3
                0x0000000040223494       0x53 ./build/lwip.a(dhcp.o)
                                         0x5b (size before relaxing)
 *fill*         0x00000000402234e7        0x1 
 .text.dhcp_select
                0x00000000402234e8      0x21c ./build/lwip.a(dhcp.o)
                                        0x254 (size before relaxing)
 .text.dhcp_reboot
                0x0000000040223704      0x162 ./build/lwip.a(dhcp.o)
                                        0x192 (size before relaxing)
 *fill*         0x0000000040223866        0x2 
 .text.dhcp_recv
                0x0000000040223868      0x57b ./build/lwip.a(dhcp.o)
                                        0x5c7 (size before relaxing)
 *fill*         0x0000000040223de3        0x1 
 .text.dhcp_arp_reply
                0x0000000040223de4      0x106 ./build/lwip.a(dhcp.o)
                                        0x132 (size before relaxing)
                0x0000000040223de4                dhcp_arp_reply
 *fill*         0x0000000040223eea        0x2 
 .text.dhcp_renew
                0x0000000040223eec      0x11a ./build/lwip.a(dhcp.o)
                                        0x13a (size before relaxing)
                0x0000000040223eec                dhcp_renew
 *fill*         0x0000000040224006        0x2 
 .text.dhcp_coarse_tmr
                0x0000000040224008       0x96 ./build/lwip.a(dhcp.o)
                                         0xa1 (size before relaxing)
                0x000000004022400c                dhcp_coarse_tmr
 *fill*         0x000000004022409e        0x2 
 .text.dhcp_release
                0x00000000402240a0      0x101 ./build/lwip.a(dhcp.o)
                                        0x13d (size before relaxing)
                0x00000000402240a0                dhcp_release
 *fill*         0x00000000402241a1        0x3 
 .text.dhcp_fine_tmr
                0x00000000402241a4       0xdb ./build/lwip.a(dhcp.o)
                                        0x11a (size before relaxing)
                0x00000000402241a4                dhcp_fine_tmr
 *fill*         0x000000004022427f        0x1 
 .text.dhcp_stop
                0x0000000040224280       0x3f ./build/lwip.a(dhcp.o)
                                         0x43 (size before relaxing)
                0x0000000040224280                dhcp_stop
 *fill*         0x00000000402242bf        0x1 
 .text.dhcp_start
                0x00000000402242c0       0xc0 ./build/lwip.a(dhcp.o)
                                         0xfc (size before relaxing)
                0x00000000402242c4                dhcp_start
 .text.lwip_init
                0x0000000040224380       0x25 ./build/lwip.a(init.o)
                                         0x5d (size before relaxing)
                0x0000000040224380                lwip_init
 *fill*         0x00000000402243a5        0x3 
 .text.tcp_new_port
                0x00000000402243a8       0x60 ./build/lwip.a(tcp.o)
                                         0x64 (size before relaxing)
 .text.tcp_bind
                0x0000000040224408       0x9e ./build/lwip.a(tcp.o)
                                         0xae (size before relaxing)
                0x000000004022440c                tcp_bind
 *fill*         0x00000000402244a6        0x2 
 .text.tcp_listen_with_backlog
                0x00000000402244a8       0xfb ./build/lwip.a(tcp.o)
                                        0x10f (size before relaxing)
                0x00000000402244b4                tcp_listen_with_backlog
 *fill*         0x00000000402245a3        0x1 
 .text.tcp_update_rcv_ann_wnd
                0x00000000402245a4       0x46 ./build/lwip.a(tcp.o)
                0x00000000402245a8                tcp_update_rcv_ann_wnd
 *fill*         0x00000000402245ea        0x2 
 .text.tcp_recved
                0x00000000402245ec       0x4e ./build/lwip.a(tcp.o)
                                         0x5a (size before relaxing)
                0x00000000402245f0                tcp_recved
 *fill*         0x000000004022463a        0x2 
 .text.tcp_seg_free
                0x000000004022463c       0x26 ./build/lwip.a(tcp.o)
                                         0x2e (size before relaxing)
                0x000000004022463c                tcp_seg_free
 *fill*         0x0000000040224662        0x2 
 .text.tcp_segs_free
                0x0000000040224664       0x21 ./build/lwip.a(tcp.o)
                                         0x25 (size before relaxing)
                0x0000000040224664                tcp_segs_free
 *fill*         0x0000000040224685        0x3 
 .text.tcp_pcb_purge
                0x0000000040224688       0x6d ./build/lwip.a(tcp.o)
                                         0x7d (size before relaxing)
                0x0000000040224688                tcp_pcb_purge
 *fill*         0x00000000402246f5        0x3 
 .text.tcp_slowtmr
                0x00000000402246f8      0x2fb ./build/lwip.a(tcp.o)
                                        0x32b (size before relaxing)
                0x0000000040224714                tcp_slowtmr
 *fill*         0x00000000402249f3        0x1 
 .text.tcp_pcb_remove
                0x00000000402249f4       0x75 ./build/lwip.a(tcp.o)
                                         0x85 (size before relaxing)
                0x00000000402249f4                tcp_pcb_remove
 *fill*         0x0000000040224a69        0x3 
 .text.tcp_close_shutdown
                0x0000000040224a6c      0x18f ./build/lwip.a(tcp.o)
                                        0x1e3 (size before relaxing)
 *fill*         0x0000000040224bfb        0x1 
 .text.tcp_close
                0x0000000040224bfc       0x27 ./build/lwip.a(tcp.o)
                                         0x2b (size before relaxing)
                0x0000000040224bfc                tcp_close
 *fill*         0x0000000040224c23        0x1 
 .text.tcp_recv_null
                0x0000000040224c24       0x3d ./build/lwip.a(tcp.o)
                                         0x4d (size before relaxing)
                0x0000000040224c24                tcp_recv_null
 *fill*         0x0000000040224c61        0x3 
 .text.tcp_process_refused_data
                0x0000000040224c64       0x91 ./build/lwip.a(tcp.o)
                                         0x9d (size before relaxing)
                0x0000000040224c64                tcp_process_refused_data
 *fill*         0x0000000040224cf5        0x3 
 .text.tcp_fasttmr
                0x0000000040224cf8       0x87 ./build/lwip.a(tcp.o)
                                         0x9b (size before relaxing)
                0x0000000040224cf8                tcp_fasttmr
 *fill*         0x0000000040224d7f        0x1 
 .text.tcp_tmr  0x0000000040224d80       0x27 ./build/lwip.a(tcp.o)
                                         0x37 (size before relaxing)
                0x0000000040224d84                tcp_tmr
 *fill*         0x0000000040224da7        0x1 
 .text.tcp_abandon
                0x0000000040224da8       0xb7 ./build/lwip.a(tcp.o)
                                         0xdf (size before relaxing)
                0x0000000040224da8                tcp_abandon
 *fill*         0x0000000040224e5f        0x1 
 .text.tcp_abort
                0x0000000040224e60       0x14 ./build/lwip.a(tcp.o)
                                         0x18 (size before relaxing)
                0x0000000040224e60                tcp_abort
 .text.tcp_kill_timewait
                0x0000000040224e74       0x42 ./build/lwip.a(tcp.o)
                                         0x4e (size before relaxing)
 *fill*         0x0000000040224eb6        0x2 
 .text.tcp_alloc
                0x0000000040224eb8      0x135 ./build/lwip.a(tcp.o)
                                        0x179 (size before relaxing)
                0x0000000040224ecc                tcp_alloc
 *fill*         0x0000000040224fed        0x3 
 .text.tcp_new  0x0000000040224ff0       0x14 ./build/lwip.a(tcp.o)
                                         0x18 (size before relaxing)
                0x0000000040224ff0                tcp_new
 .text.tcp_eff_send_mss
                0x0000000040225004       0x33 ./build/lwip.a(tcp.o)
                                         0x3b (size before relaxing)
                0x0000000040225004                tcp_eff_send_mss
 *fill*         0x0000000040225037        0x1 
 .text.dns_recv
                0x0000000040225038      0x239 ./build/lwip.a(dns.o)
                                        0x249 (size before relaxing)
 *fill*         0x0000000040225271        0x3 
 .text.dns_send
                0x0000000040225274      0x108 ./build/lwip.a(dns.o)
                                        0x12c (size before relaxing)
 .text.dns_check_entry
                0x000000004022537c       0xbb ./build/lwip.a(dns.o)
                                         0xcf (size before relaxing)
 *fill*         0x0000000040225437        0x1 
 .text.dns_init
                0x0000000040225438       0x69 ./build/lwip.a(dns.o)
                                         0x95 (size before relaxing)
                0x0000000040225444                dns_init
 *fill*         0x00000000402254a1        0x3 
 .text.dns_setserver
                0x00000000402254a4       0x1e ./build/lwip.a(dns.o)
                                         0x26 (size before relaxing)
                0x00000000402254a4                dns_setserver
 *fill*         0x00000000402254c2        0x2 
 .text.dns_tmr  0x00000000402254c4       0x1b ./build/lwip.a(dns.o)
                                         0x23 (size before relaxing)
                0x00000000402254c4                dns_tmr
 *fill*         0x00000000402254df        0x1 
 .text.pbuf_free
                0x00000000402254e0       0x6d ./build/lwip.a(pbuf.o)
                                         0x89 (size before relaxing)
                0x00000000402254e0                pbuf_free
 *fill*         0x000000004022554d        0x3 
 .text.pbuf_alloc
                0x0000000040225550      0x169 ./build/lwip.a(pbuf.o)
                                        0x185 (size before relaxing)
                0x0000000040225554                pbuf_alloc
 *fill*         0x00000000402256b9        0x3 
 .text.pbuf_realloc
                0x00000000402256bc       0x52 ./build/lwip.a(pbuf.o)
                                         0x59 (size before relaxing)
                0x00000000402256bc                pbuf_realloc
 *fill*         0x000000004022570e        0x2 
 .text.pbuf_ref
                0x0000000040225710       0x25 ./build/lwip.a(pbuf.o)
                                         0x31 (size before relaxing)
                0x0000000040225710                pbuf_ref
 *fill*         0x0000000040225735        0x3 
 .text.pbuf_chain
                0x0000000040225738       0x40 ./build/lwip.a(pbuf.o)
                                         0x44 (size before relaxing)
                0x0000000040225738                pbuf_chain
 .text.pbuf_copy
                0x0000000040225778       0x74 ./build/lwip.a(pbuf.o)
                                         0x78 (size before relaxing)
                0x0000000040225778                pbuf_copy
 .text.pbuf_copy_partial
                0x00000000402257ec       0x91 ./build/lwip.a(pbuf.o)
                                         0x95 (size before relaxing)
                0x00000000402257ec                pbuf_copy_partial
 *fill*         0x000000004022587d        0x3 
 .text.netif_set_ipaddr
                0x0000000040225880       0x6f ./build/lwip.a(netif.o)
                                         0x7b (size before relaxing)
                0x0000000040225880                netif_set_ipaddr
 *fill*         0x00000000402258ef        0x1 
 .text.netif_set_addr
                0x00000000402258f0       0x2d ./build/lwip.a(netif.o)
                                         0x35 (size before relaxing)
                0x00000000402258f0                netif_set_addr
 *fill*         0x000000004022591d        0x3 
 .text.netif_add
                0x0000000040225920       0x79 ./build/lwip.a(netif.o)
                                         0x81 (size before relaxing)
                0x0000000040225924                netif_add
 *fill*         0x0000000040225999        0x3 
 .text.netif_set_default
                0x000000004022599c        0xb ./build/lwip.a(netif.o)
                0x00000000402259a0                netif_set_default
 *fill*         0x00000000402259a7        0x1 
 .text.netif_set_up
                0x00000000402259a8       0x30 ./build/lwip.a(netif.o)
                                         0x34 (size before relaxing)
                0x00000000402259a8                netif_set_up
 .text.netif_set_down
                0x00000000402259d8       0x20 ./build/lwip.a(netif.o)
                                         0x27 (size before relaxing)
                0x00000000402259d8                netif_set_down
 *fill*         0x00000000402259f8        0x0 
 .text.sys_timeout
                0x00000000402259f8       0x82 ./build/lwip.a(timers.o)
                                         0x8a (size before relaxing)
                0x00000000402259fc                sys_timeout
 *fill*         0x0000000040225a7a        0x2 
 .text.tcp_timer_needed
                0x0000000040225a7c       0x3d ./build/lwip.a(timers.o)
                                         0x49 (size before relaxing)
                0x0000000040225a84                tcp_timer_needed
 *fill*         0x0000000040225ab9        0x3 
 .text.tcpip_tcp_timer
                0x0000000040225abc       0x35 ./build/lwip.a(timers.o)
                                         0x51 (size before relaxing)
 *fill*         0x0000000040225af1        0x3 
 .text.sys_timeouts_init
                0x0000000040225af4       0x51 ./build/lwip.a(timers.o)
                                         0x6d (size before relaxing)
                0x0000000040225b0c                sys_timeouts_init
 *fill*         0x0000000040225b45        0x3 
 .text.dns_timer
                0x0000000040225b48       0x1d ./build/lwip.a(timers.o)
                                         0x2d (size before relaxing)
 *fill*         0x0000000040225b65        0x3 
 .text.dhcp_timer_fine
                0x0000000040225b68       0x1d ./build/lwip.a(timers.o)
                                         0x2d (size before relaxing)
 *fill*         0x0000000040225b85        0x3 
 .text.dhcp_timer_coarse
                0x0000000040225b88       0x1d ./build/lwip.a(timers.o)
                                         0x31 (size before relaxing)
 *fill*         0x0000000040225ba5        0x3 
 .text.arp_timer
                0x0000000040225ba8       0x1d ./build/lwip.a(timers.o)
                                         0x31 (size before relaxing)
 *fill*         0x0000000040225bc5        0x3 
 .text.sys_untimeout
                0x0000000040225bc8       0x4f ./build/lwip.a(timers.o)
                                         0x57 (size before relaxing)
                0x0000000040225bc8                sys_untimeout
 *fill*         0x0000000040225c17        0x1 
 .text.sys_timeouts_mbox_fetch
                0x0000000040225c18       0x7e ./build/lwip.a(timers.o)
                                         0x8e (size before relaxing)
                0x0000000040225c18                sys_timeouts_mbox_fetch
 *fill*         0x0000000040225c96        0x2 
 .text.udp_input
                0x0000000040225c98      0x27d ./build/lwip.a(udp.o)
                                        0x2c5 (size before relaxing)
                0x0000000040225ca4                udp_input
 *fill*         0x0000000040225f15        0x3 
 .text.udp_bind
                0x0000000040225f18       0xb9 ./build/lwip.a(udp.o)
                                         0xc9 (size before relaxing)
                0x0000000040225f1c                udp_bind
 *fill*         0x0000000040225fd1        0x3 
 .text.udp_sendto_if
                0x0000000040225fd4      0x149 ./build/lwip.a(udp.o)
                                        0x185 (size before relaxing)
                0x0000000040225fd4                udp_sendto_if
 *fill*         0x000000004022611d        0x3 
 .text.udp_sendto
                0x0000000040226120       0x56 ./build/lwip.a(udp.o)
                                         0x62 (size before relaxing)
                0x0000000040226120                udp_sendto
 *fill*         0x0000000040226176        0x2 
 .text.udp_connect
                0x0000000040226178       0x74 ./build/lwip.a(udp.o)
                                         0x7c (size before relaxing)
                0x0000000040226178                udp_connect
 .text.udp_remove
                0x00000000402261ec       0x39 ./build/lwip.a(udp.o)
                                         0x41 (size before relaxing)
                0x00000000402261ec                udp_remove
 *fill*         0x0000000040226225        0x3 
 .text.udp_new  0x0000000040226228       0x31 ./build/lwip.a(udp.o)
                                         0x39 (size before relaxing)
                0x0000000040226228                udp_new
 *fill*         0x0000000040226259        0x3 
 .text.tcp_create_segment$isra$1
                0x000000004022625c      0x121 ./build/lwip.a(tcp_out.o)
                                        0x145 (size before relaxing)
 *fill*         0x000000004022637d        0x3 
 .text.tcp_output_alloc_header$constprop$2
                0x0000000040226380      0x101 ./build/lwip.a(tcp_out.o)
                                        0x109 (size before relaxing)
 *fill*         0x0000000040226481        0x3 
 .text.tcp_write
                0x0000000040226484      0x376 ./build/lwip.a(tcp_out.o)
                                        0x3c2 (size before relaxing)
                0x0000000040226484                tcp_write
 *fill*         0x00000000402267fa        0x2 
 .text.tcp_enqueue_flags
                0x00000000402267fc       0xf7 ./build/lwip.a(tcp_out.o)
                                        0x10b (size before relaxing)
                0x00000000402267fc                tcp_enqueue_flags
 *fill*         0x00000000402268f3        0x1 
 .text.tcp_send_fin
                0x00000000402268f4       0x58 ./build/lwip.a(tcp_out.o)
                                         0x5c (size before relaxing)
                0x00000000402268f4                tcp_send_fin
 .text.tcp_send_empty_ack
                0x000000004022694c       0x90 ./build/lwip.a(tcp_out.o)
                                         0xb0 (size before relaxing)
                0x000000004022694c                tcp_send_empty_ack
 .text.tcp_output
                0x00000000402269dc      0x47d ./build/lwip.a(tcp_out.o)
                                        0x4b5 (size before relaxing)
                0x00000000402269e0                tcp_output
 *fill*         0x0000000040226e59        0x3 
 .text.tcp_rst  0x0000000040226e5c      0x13b ./build/lwip.a(tcp_out.o)
                                        0x163 (size before relaxing)
                0x0000000040226e5c                tcp_rst
 *fill*         0x0000000040226f97        0x1 
 .text.tcp_rexmit_rto
                0x0000000040226f98       0x3c ./build/lwip.a(tcp_out.o)
                                         0x40 (size before relaxing)
                0x0000000040226f98                tcp_rexmit_rto
 .text.tcp_rexmit
                0x0000000040226fd4       0xbf ./build/lwip.a(tcp_out.o)
                                         0xc3 (size before relaxing)
                0x0000000040226fd4                tcp_rexmit
 *fill*         0x0000000040227093        0x1 
 .text.tcp_rexmit_fast
                0x0000000040227094       0x5f ./build/lwip.a(tcp_out.o)
                                         0x63 (size before relaxing)
                0x0000000040227094                tcp_rexmit_fast
 *fill*         0x00000000402270f3        0x1 
 .text.tcp_keepalive
                0x00000000402270f4       0x87 ./build/lwip.a(tcp_out.o)
                                         0xab (size before relaxing)
                0x00000000402270f4                tcp_keepalive
 *fill*         0x000000004022717b        0x1 
 .text.tcp_zero_window_probe
                0x000000004022717c       0xf7 ./build/lwip.a(tcp_out.o)
                                        0x11f (size before relaxing)
                0x0000000040227184                tcp_zero_window_probe
 *fill*         0x0000000040227273        0x1 
 .text.ipaddr_aton
                0x0000000040227274      0x181 ./build/lwip.a(ip_addr.o)
                                        0x18d (size before relaxing)
                0x0000000040227274                ipaddr_aton
 *fill*         0x00000000402273f5        0x3 
 .text.ipaddr_addr
                0x00000000402273f8       0x1d ./build/lwip.a(ip_addr.o)
                                         0x21 (size before relaxing)
                0x00000000402273f8                ipaddr_addr
 *fill*         0x0000000040227415        0x3 
 .text.ip_route
                0x0000000040227418       0x3f ./build/lwip.a(ip.o)
                                         0x4b (size before relaxing)
                0x0000000040227418                ip_route
 *fill*         0x0000000040227457        0x1 
 .text.ip_input
                0x0000000040227458      0x2e4 ./build/lwip.a(ip.o)
                                        0x354 (size before relaxing)
                0x0000000040227464                ip_input
 .text.ip_output_if
                0x000000004022773c      0x19a ./build/lwip.a(ip.o)
                                        0x1a6 (size before relaxing)
                0x0000000040227740                ip_output_if
 *fill*         0x00000000402278d6        0x2 
 .text.ip_output
                0x00000000402278d8       0x5e ./build/lwip.a(ip.o)
                                         0x6a (size before relaxing)
                0x00000000402278d8                ip_output
 *fill*         0x0000000040227936        0x2 
 .text.inet_chksum_pseudo
                0x0000000040227938       0xc8 ./build/lwip.a(inet_chksum.o)
                                         0xcc (size before relaxing)
                0x0000000040227938                inet_chksum_pseudo
 .text.inet_chksum
                0x0000000040227a00       0x1d ./build/lwip.a(inet_chksum.o)
                                         0x21 (size before relaxing)
                0x0000000040227a00                inet_chksum
 *fill*         0x0000000040227a1d        0x3 
 .text.inet_chksum_pbuf
                0x0000000040227a20       0x73 ./build/lwip.a(inet_chksum.o)
                                         0x7b (size before relaxing)
                0x0000000040227a20                inet_chksum_pbuf
 *fill*         0x0000000040227a93        0x1 
 .text.icmp_input
                0x0000000040227a94      0x1ff ./build/lwip.a(icmp.o)
                                        0x283 (size before relaxing)
                0x0000000040227a94                icmp_input
 *fill*         0x0000000040227c93        0x1 
 .text.icmp_dest_unreach
                0x0000000040227c94       0xb3 ./build/lwip.a(icmp.o)
                                         0xd7 (size before relaxing)
                0x0000000040227c94                icmp_dest_unreach
 *fill*         0x0000000040227d47        0x1 
 .text.free_etharp_q
                0x0000000040227d48       0x2f ./build/lwip.a(etharp.o)
                                         0x3b (size before relaxing)
 *fill*         0x0000000040227d77        0x1 
 .text.etharp_find_entry
                0x0000000040227d78      0x102 ./build/lwip.a(etharp.o)
                                        0x10a (size before relaxing)
 *fill*         0x0000000040227e7a        0x2 
 .text.etharp_send_ip
                0x0000000040227e7c       0x5a ./build/lwip.a(etharp.o)
                                         0x62 (size before relaxing)
 *fill*         0x0000000040227ed6        0x2 
 .text.etharp_tmr
                0x0000000040227ed8       0x69 ./build/lwip.a(etharp.o)
                                         0x71 (size before relaxing)
                0x0000000040227ed8                etharp_tmr
 *fill*         0x0000000040227f41        0x3 
 .text.etharp_cleanup_netif
                0x0000000040227f44       0x4d ./build/lwip.a(etharp.o)
                                         0x59 (size before relaxing)
                0x0000000040227f44                etharp_cleanup_netif
 *fill*         0x0000000040227f91        0x3 
 .text.etharp_request
                0x0000000040227f94      0x10f ./build/lwip.a(etharp.o)
                                        0x137 (size before relaxing)
                0x0000000040227f9c                etharp_request
 *fill*         0x00000000402280a3        0x1 
 .text.etharp_output_to_arp_index
                0x00000000402280a4       0x70 ./build/lwip.a(etharp.o)
                                         0x7c (size before relaxing)
 .text.etharp_query
                0x0000000040228114      0x1bc ./build/lwip.a(etharp.o)
                                        0x20c (size before relaxing)
                0x0000000040228118                etharp_query
 .text.etharp_output
                0x00000000402282d0      0x130 ./build/lwip.a(etharp.o)
                                        0x164 (size before relaxing)
                0x00000000402282d4                etharp_output
 .text.ethernet_input
                0x0000000040228400      0x33d ./build/lwip.a(etharp.o)
                                        0x3b1 (size before relaxing)
                0x0000000040228400                ethernet_input
 *fill*         0x000000004022873d        0x3 
 .text.sys_mbox_new
                0x0000000040228740       0x41 ./build/lwip.a(sys_arch.o)
                                         0x49 (size before relaxing)
                0x0000000040228740                sys_mbox_new
 *fill*         0x0000000040228781        0x3 
 .text.sys_mbox_trypost
                0x0000000040228784       0x4f ./build/lwip.a(sys_arch.o)
                                         0x5f (size before relaxing)
                0x0000000040228788                sys_mbox_trypost
 *fill*         0x00000000402287d3        0x1 
 .text.sys_arch_mbox_fetch
                0x00000000402287d4       0x7f ./build/lwip.a(sys_arch.o)
                                         0xa3 (size before relaxing)
                0x00000000402287d4                sys_arch_mbox_fetch
 *fill*         0x0000000040228853        0x1 
 .text.sys_thread_new
                0x0000000040228854       0x32 ./build/lwip.a(sys_arch.o)
                                         0x3a (size before relaxing)
                0x0000000040228854                sys_thread_new
 *fill*         0x0000000040228886        0x2 
 .text.sys_arch_protect
                0x0000000040228888       0x1b ./build/lwip.a(sys_arch.o)
                                         0x23 (size before relaxing)
                0x0000000040228888                sys_arch_protect
 *fill*         0x00000000402288a3        0x1 
 .text.sys_arch_unprotect
                0x00000000402288a4       0x19 ./build/lwip.a(sys_arch.o)
                                         0x21 (size before relaxing)
                0x00000000402288a4                sys_arch_unprotect
 *fill*         0x00000000402288bd        0x3 
 .text.raw_input
                0x00000000402288c0       0x7b ./build/lwip.a(raw.o)
                                         0x83 (size before relaxing)
                0x00000000402288c4                raw_input
 *fill*         0x000000004022893b        0x1 
 .text.tcp_receive
                0x000000004022893c      0x5b1 ./build/lwip.a(tcp_in.o)
                                        0x605 (size before relaxing)
 *fill*         0x0000000040228eed        0x3 
 .text.tcp_parseopt$isra$0
                0x0000000040228ef0       0x76 ./build/lwip.a(tcp_in.o)
                                         0x7a (size before relaxing)
 *fill*         0x0000000040228f66        0x2 
 .text.tcp_input
                0x0000000040228f68      0xa9f ./build/lwip.a(tcp_in.o)
                                        0xbcf (size before relaxing)
                0x0000000040228f70                tcp_input
 *fill*         0x0000000040229a07        0x1 
 .text.ip_frag  0x0000000040229a08      0x177 ./build/lwip.a(ip_frag.o)
                                        0x1af (size before relaxing)
                0x0000000040229a08                ip_frag
 *fill*         0x0000000040229b7f        0x1 
 .text.sdk_compat_initialise
                0x0000000040229b80       0x2f ./build/core.a(sdk_compat.o)
                0x0000000040229b88                sdk_compat_initialise
 *fill*         0x0000000040229baf        0x1 
 .text.gpio_enable
                0x0000000040229bb0       0x9d ./build/core.a(esp_gpio.o)
                                         0xa5 (size before relaxing)
                0x0000000040229bb4                gpio_enable
 *fill*         0x0000000040229c4d        0x3 
 .text._write_r
                0x0000000040229c50       0x68 ./build/core.a(newlib_syscalls.o)
                                         0x6c (size before relaxing)
                0x0000000040229c50                _write_r
 .text._read_r  0x0000000040229cb8       0x5e ./build/core.a(newlib_syscalls.o)
                                         0x62 (size before relaxing)
                0x0000000040229cb8                _read_r
 *fill*         0x0000000040229d16        0x2 
 .text          0x0000000040229d18       0x1d ../../../esp2866/esp-open-rtos/libc/xtensa-lx106-elf/lib/libc.a(lib_a-calloc.o)
                0x0000000040229d18                calloc
 *fill*         0x0000000040229d35        0x3 
 .text          0x0000000040229d38       0x97 ../../../esp2866/esp-open-rtos/libc/xtensa-lx106-elf/lib/libc.a(lib_a-mstats.o)
                0x0000000040229d38                mallinfo
                0x0000000040229d58                malloc_stats
                0x0000000040229d70                mallopt
                0x0000000040229d90                _mstats_r
                0x0000000040229db8                mstats
 *fill*         0x0000000040229dcf        0x1 
 .text          0x0000000040229dd0       0x2f ../../../esp2866/esp-open-rtos/libc/xtensa-lx106-elf/lib/libc.a(lib_a-nano-callocr.o)
                0x0000000040229dd0                _calloc_r
 *fill*         0x0000000040229dff        0x1 
 .text          0x0000000040229e00       0x66 ../../../esp2866/esp-open-rtos/libc/xtensa-lx106-elf/lib/libc.a(lib_a-nano-mallinfor.o)
                0x0000000040229e00                _mallinfo_r
 *fill*         0x0000000040229e66        0x2 
 .text          0x0000000040229e68       0x4f ../../../esp2866/esp-open-rtos/libc/xtensa-lx106-elf/lib/libc.a(lib_a-nano-mallstatsr.o)
                                         0x53 (size before relaxing)
                0x0000000040229e68                _malloc_stats_r
 *fill*         0x0000000040229eb7        0x1 
 .text          0x0000000040229eb8       0xfa ../../../esp2866/esp-open-rtos/libc/xtensa-lx106-elf/lib/libc.a(lib_a-strncpy.o)
                0x0000000040229ef0                strncpy
 *fill*         0x0000000040229fb2        0x2 
 .text          0x0000000040229fb4       0x3b ../../../esp2866/esp-open-rtos/libc/xtensa-lx106-elf/lib/libc.a(lib_a-strrchr.o)
                0x0000000040229fb4                strrchr
 *fill*         0x0000000040229fef        0x1 
 .text          0x0000000040229ff0       0x19 ../../../esp2866/esp-open-rtos/libc/xtensa-lx106-elf/lib/libc.a(lib_a-syssbrk.o)
                0x0000000040229ff0                sbrk
 *fill*         0x000000004022a009        0x3 
 .text          0x000000004022a00c      0x1ff /home/paolo/esp2866/esp-open-sdk/xtensa-lx106-elf/lib/gcc/xtensa-lx106-elf/4.8.2/libgcc.a(_addsubsf3.o)
                0x000000004022a028                __addsf3
                0x000000004022a110                __subsf3
 *fill*         0x000000004022a20b        0x1 
 .text          0x000000004022a20c      0x15d /home/paolo/esp2866/esp-open-sdk/xtensa-lx106-elf/lib/gcc/xtensa-lx106-elf/4.8.2/libgcc.a(_mulsf3.o)
                0x000000004022a284                __mulsf3
 *fill*         0x000000004022a369        0x3 
 .text          0x000000004022a36c      0x135 /home/paolo/esp2866/esp-open-sdk/xtensa-lx106-elf/lib/gcc/xtensa-lx106-elf/4.8.2/libgcc.a(_divsf3.o)
                0x000000004022a3e8                __divsf3
 *fill*         0x000000004022a4a1        0x3 
 .text          0x000000004022a4a4       0x40 /home/paolo/esp2866/esp-open-sdk/xtensa-lx106-elf/lib/gcc/xtensa-lx106-elf/4.8.2/libgcc.a(_fixsfsi.o)
                0x000000004022a4a4                __fixsfsi
 .text          0x000000004022a4e4       0x51 /home/paolo/esp2866/esp-open-sdk/xtensa-lx106-elf/lib/gcc/xtensa-lx106-elf/4.8.2/libgcc.a(_fixunssfsi.o)
                0x000000004022a4e4                __fixunssfsi
 *fill*         0x000000004022a535        0x3 
 .text          0x000000004022a538      0x2f6 /home/paolo/esp2866/esp-open-sdk/xtensa-lx106-elf/lib/gcc/xtensa-lx106-elf/4.8.2/libgcc.a(_addsubdf3.o)
                0x000000004022a558                __adddf3
                0x000000004022a6a8                __subdf3
 *fill*         0x000000004022a82e        0x2 
 .text          0x000000004022a830      0x29b /home/paolo/esp2866/esp-open-sdk/xtensa-lx106-elf/lib/gcc/xtensa-lx106-elf/4.8.2/libgcc.a(_muldf3.o)
                0x000000004022a910                __muldf3
 *fill*         0x000000004022aacb        0x1 
 .text          0x000000004022aacc      0x20b /home/paolo/esp2866/esp-open-sdk/xtensa-lx106-elf/lib/gcc/xtensa-lx106-elf/4.8.2/libgcc.a(_divdf3.o)
                0x000000004022abb4                __divdf3
 *fill*         0x000000004022acd7        0x1 
 .text          0x000000004022acd8       0x48 /home/paolo/esp2866/esp-open-sdk/xtensa-lx106-elf/lib/gcc/xtensa-lx106-elf/4.8.2/libgcc.a(_fixdfsi.o)
                0x000000004022acd8                __fixdfsi
 .text          0x000000004022ad20       0xa0 /home/paolo/esp2866/esp-open-sdk/xtensa-lx106-elf/lib/gcc/xtensa-lx106-elf/4.8.2/libgcc.a(_truncdfsf2.o)
                0x000000004022ad20                __truncdfsf2
 .text          0x000000004022adc0       0x5e /home/paolo/esp2866/esp-open-sdk/xtensa-lx106-elf/lib/gcc/xtensa-lx106-elf/4.8.2/libgcc.a(_extendsfdf2.o)
                0x000000004022adc0                __extendsfdf2
 *fill*         0x000000004022ae1e        0x2 
 .text          0x000000004022ae20       0x21 /home/paolo/esp2866/esp-open-sdk/xtensa-lx106-elf/lib/gcc/xtensa-lx106-elf/4.8.2/libgcc.a(_popcountsi2.o)
                0x000000004022ae20                __popcountsi2
 *fill*         0x000000004022ae41        0x0 
 *fill*         0x000000004022ae41        0x0 
 *fill*         0x000000004022ae41        0x0 
 *fill*         0x000000004022ae41        0x0 
 *fill*         0x000000004022ae41        0x0 
 *fill*         0x000000004022ae41        0x0 
 *fill*         0x000000004022ae41        0x3 
 .text          0x000000004022ae44       0xba ../../../esp2866/esp-open-rtos/libc/xtensa-lx106-elf/lib/libc.a(lib_a-fwalk.o)